Build successful. package=<packages> out=<output>
